src/services/StatisticsService.ts(1,26): error TS2307: Cannot find module '@/integrations/supabase/client' or its corresponding type declarations.
src/services/StatisticsService.ts(2,24): error TS2307: Cannot find module '@/lib/logger' or its corresponding type declarations.
src/services/StatisticsService.ts(3,64): error TS2307: Cannot find module '@/utils/formatting' or its corresponding type declarations.
src/services/StatisticsService.ts(163,53): error TS2362: The left-hand side of an arithmetic operation must be of type 'any', 'number', 'bigint' or an enum type.
src/services/StatisticsService.ts(362,57): error TS2362: The left-hand side of an arithmetic operation must be of type 'any', 'number', 'bigint' or an enum type.
